../Core/Src/main.c:89:5:main	8	static
../Core/Src/main.c:150:6:SystemClock_Config	88	static
../Core/Src/main.c:197:13:MX_SPI1_Init	8	static
../Core/Src/main.c:235:13:MX_SPI2_Init	8	static
../Core/Src/main.c:273:13:MX_TIM3_Init	32	static
../Core/Src/main.c:318:13:MX_TIM4_Init	32	static
../Core/Src/main.c:363:13:MX_USB_PCD_Init	8	static
../Core/Src/main.c:394:13:MX_GPIO_Init	40	static
../Core/Src/main.c:432:6:HAL_TIM_PeriodElapsedCallback	16	static
../Core/Src/main.c:465:6:Error_Handler	4	static,ignoring_inline_asm
